#-----------------------------------------------------------
# Vivado v2020.1 (64-bit)
# SW Build 2902540 on Wed May 27 19:54:49 MDT 2020
# IP Build 2902112 on Wed May 27 22:43:36 MDT 2020
# Start of session at: Tue Dec  2 23:36:11 2025
# Process ID: 24784
# Current directory: D:/Habib University/Third Semester/CA/Pipelined-sorting-processor/Task_2/Task_2
# Command line: vivado.exe -gui_launcher_event rodinguilauncherevent20344 D:\Habib University\Third Semester\CA\Pipelined-sorting-processor\Task_2\Task_2\Lab_5.xpr
# Log file: D:/Habib University/Third Semester/CA/Pipelined-sorting-processor/Task_2/Task_2/vivado.log
# Journal file: D:/Habib University/Third Semester/CA/Pipelined-sorting-processor/Task_2/Task_2\vivado.jou
#-----------------------------------------------------------
start_gui
open_project {D:/Habib University/Third Semester/CA/Pipelined-sorting-processor/Task_2/Task_2/Lab_5.xpr}
INFO: [Project 1-313] Project file moved from 'C:/Users/user/Downloads/Task_2/Task_2' since last save.
Scanning sources...
Finished scanning sources
INFO: [IP_Flow 19-234] Refreshing IP repositories
INFO: [IP_Flow 19-1704] No user IP repositories specified
INFO: [IP_Flow 19-2313] Loaded Vivado IP repository 'D:/Vivado/Vivado/2020.1/data/ip'.
open_project: Time (s): cpu = 00:00:12 ; elapsed = 00:00:07 . Memory (MB): peak = 1015.891 ; gain = 0.000
update_compile_order -fileset sources_1
exit
INFO: [Common 17-206] Exiting Vivado at Tue Dec  2 23:48:43 2025...
