#-----------------------------------------------------------
# Vivado v2020.1 (64-bit)
# SW Build 2902540 on Wed May 27 19:54:49 MDT 2020
# IP Build 2902112 on Wed May 27 22:43:36 MDT 2020
# Start of session at: Tue Dec  2 14:18:29 2025
# Process ID: 12260
# Current directory: C:/Users/user/Downloads/Task_2/Task_2
# Command line: vivado.exe -gui_launcher_event rodinguilauncherevent21100 C:\Users\user\Downloads\Task_2\Task_2\Lab_5.xpr
# Log file: C:/Users/user/Downloads/Task_2/Task_2/vivado.log
# Journal file: C:/Users/user/Downloads/Task_2/Task_2\vivado.jou
#-----------------------------------------------------------
start_gui
open_project C:/Users/user/Downloads/Task_2/Task_2/Lab_5.xpr
Scanning sources...
Finished scanning sources
INFO: [IP_Flow 19-234] Refreshing IP repositories
INFO: [IP_Flow 19-1704] No user IP repositories specified
INFO: [IP_Flow 19-2313] Loaded Vivado IP repository 'D:/Vivado/Vivado/2020.1/data/ip'.
open_project: Time (s): cpu = 00:00:16 ; elapsed = 00:00:06 . Memory (MB): peak = 1208.793 ; gain = 0.000
update_compile_order -fileset sources_1
close [ open C:/Users/user/Downloads/Task_2/Task_2/Lab_5.srcs/sources_1/new/Fowarding_Unit.v w ]
add_files C:/Users/user/Downloads/Task_2/Task_2/Lab_5.srcs/sources_1/new/Fowarding_Unit.v
update_compile_order -fileset sources_1
update_compile_order -fileset sources_1
launch_simulation
Command: launch_simulation 
INFO: [Vivado 12-5682] Launching behavioral simulation in 'C:/Users/user/Downloads/Task_2/Task_2/Lab_5.sim/sim_1/behav/xsim'
INFO: [SIM-utils-51] Simulation object is 'sim_1'
INFO: [SIM-utils-54] Inspecting design source files for 'TestBench_Lab11' in fileset 'sim_1'...
INFO: [USF-XSim-97] Finding global include files...
INFO: [USF-XSim-98] Fetching design files from 'sim_1'...
INFO: [USF-XSim-2] XSim::Compile design
INFO: [USF-XSim-61] Executing 'COMPILE and ANALYZE' step in 'C:/Users/user/Downloads/Task_2/Task_2/Lab_5.sim/sim_1/behav/xsim'
"xvlog --incr --relax -prj TestBench_Lab11_vlog.prj"
INFO: [VRFC 10-2263] Analyzing Verilog file "C:/Users/user/Downloads/Task_2/Task_2/Lab_5.srcs/sources_1/new/ALU_64.v" into library xil_defaultlib
INFO: [VRFC 10-311] analyzing module ALU_64
INFO: [VRFC 10-2263] Analyzing Verilog file "C:/Users/user/Downloads/Task_2/Task_2/Lab_5.srcs/sources_1/new/ALU_Control.v" into library xil_defaultlib
INFO: [VRFC 10-311] analyzing module ALU_Control
INFO: [VRFC 10-2263] Analyzing Verilog file "C:/Users/user/Downloads/Task_2/Task_2/Lab_5.srcs/sources_1/new/Adder.v" into library xil_defaultlib
INFO: [VRFC 10-311] analyzing module Adder
INFO: [VRFC 10-2263] Analyzing Verilog file "C:/Users/user/Downloads/Task_2/Task_2/Lab_5.srcs/sources_1/new/Control_Unit.v" into library xil_defaultlib
INFO: [VRFC 10-311] analyzing module Control_Unit
INFO: [VRFC 10-2263] Analyzing Verilog file "C:/Users/user/Downloads/Task_2/Task_2/Lab_5.srcs/sources_1/new/Data_Memory.v" into library xil_defaultlib
INFO: [VRFC 10-311] analyzing module Data_Memory
INFO: [VRFC 10-2263] Analyzing Verilog file "C:/Users/user/Downloads/Task_2/Task_2/Lab_5.srcs/sources_1/new/EX_MEM_reg.v" into library xil_defaultlib
INFO: [VRFC 10-311] analyzing module EX_MEM_reg
INFO: [VRFC 10-2263] Analyzing Verilog file "C:/Users/user/Downloads/Task_2/Task_2/Lab_5.srcs/sources_1/new/Fowarding_Unit.v" into library xil_defaultlib
INFO: [VRFC 10-311] analyzing module Fowarding_Unit
INFO: [VRFC 10-2263] Analyzing Verilog file "C:/Users/user/Downloads/Task_2/Task_2/Lab_5.srcs/sources_1/new/ID_EX_reg.v" into library xil_defaultlib
INFO: [VRFC 10-311] analyzing module ID_EX_reg
INFO: [VRFC 10-2263] Analyzing Verilog file "C:/Users/user/Downloads/Task_2/Task_2/Lab_5.srcs/sources_1/new/IF_ID_reg.v" into library xil_defaultlib
INFO: [VRFC 10-311] analyzing module IF_ID_reg
INFO: [VRFC 10-2263] Analyzing Verilog file "C:/Users/user/Downloads/Task_2/Task_2/Lab_5.srcs/sources_1/new/Imm_Extractor.v" into library xil_defaultlib
INFO: [VRFC 10-311] analyzing module Imm_Extractor
INFO: [VRFC 10-2263] Analyzing Verilog file "C:/Users/user/Downloads/Task_2/Task_2/Lab_5.srcs/sources_1/new/Instruction_Memory.v" into library xil_defaultlib
INFO: [VRFC 10-311] analyzing module Instruction_Memory
INFO: [VRFC 10-2263] Analyzing Verilog file "C:/Users/user/Downloads/Task_2/Task_2/Lab_5.srcs/sources_1/new/Lab_11.v" into library xil_defaultlib
INFO: [VRFC 10-311] analyzing module Lab_11
INFO: [VRFC 10-2263] Analyzing Verilog file "C:/Users/user/Downloads/Task_2/Task_2/Lab_5.srcs/sources_1/new/MEM_WB_reg.v" into library xil_defaultlib
INFO: [VRFC 10-311] analyzing module MEM_WB_reg
INFO: [VRFC 10-2263] Analyzing Verilog file "C:/Users/user/Downloads/Task_2/Task_2/Lab_5.srcs/sources_1/new/Multiplexer.v" into library xil_defaultlib
INFO: [VRFC 10-311] analyzing module Multiplexer
INFO: [VRFC 10-2263] Analyzing Verilog file "C:/Users/user/Downloads/Task_2/Task_2/Lab_5.srcs/sources_1/new/Parser.v" into library xil_defaultlib
INFO: [VRFC 10-311] analyzing module Parser
INFO: [VRFC 10-2263] Analyzing Verilog file "C:/Users/user/Downloads/Task_2/Task_2/Lab_5.srcs/sources_1/new/Program_Counter.v" into library xil_defaultlib
INFO: [VRFC 10-311] analyzing module Program_Counter
INFO: [VRFC 10-2263] Analyzing Verilog file "C:/Users/user/Downloads/Task_2/Task_2/Lab_5.srcs/sources_1/new/registerFile.v" into library xil_defaultlib
INFO: [VRFC 10-311] analyzing module registerFile
INFO: [VRFC 10-2263] Analyzing Verilog file "C:/Users/user/Downloads/Task_2/Task_2/Lab_5.srcs/sim_1/new/TestBench_Lab11.v" into library xil_defaultlib
INFO: [VRFC 10-311] analyzing module TestBench_Lab11
INFO: [USF-XSim-69] 'compile' step finished in '3' seconds
INFO: [USF-XSim-3] XSim::Elaborate design
INFO: [USF-XSim-61] Executing 'ELABORATE' step in 'C:/Users/user/Downloads/Task_2/Task_2/Lab_5.sim/sim_1/behav/xsim'
"xelab -wto c1ffbfb57d8241cea785d27b76c06721 --incr --debug typical --relax --mt 2 -L xil_defaultlib -L unisims_ver -L unimacro_ver -L secureip --snapshot TestBench_Lab11_behav xil_defaultlib.TestBench_Lab11 xil_defaultlib.glbl -log elaborate.log"
Vivado Simulator 2020.1
Copyright 1986-1999, 2001-2020 Xilinx, Inc. All Rights Reserved.
Running: D:/Vivado/Vivado/2020.1/bin/unwrapped/win64.o/xelab.exe -wto c1ffbfb57d8241cea785d27b76c06721 --incr --debug typical --relax --mt 2 -L xil_defaultlib -L unisims_ver -L unimacro_ver -L secureip --snapshot TestBench_Lab11_behav xil_defaultlib.TestBench_Lab11 xil_defaultlib.glbl -log elaborate.log 
Using 2 slave threads.
Starting static elaboration
Pass Through NonSizing Optimizer
ERROR: [VRFC 10-3180] cannot find port 'Forward_B' on this module [C:/Users/user/Downloads/Task_2/Task_2/Lab_5.srcs/sources_1/new/Lab_11.v:510]
ERROR: [VRFC 10-3180] cannot find port 'Forward_A' on this module [C:/Users/user/Downloads/Task_2/Task_2/Lab_5.srcs/sources_1/new/Lab_11.v:509]
ERROR: [VRFC 10-3180] cannot find port 'RegWrite_WB' on this module [C:/Users/user/Downloads/Task_2/Task_2/Lab_5.srcs/sources_1/new/Lab_11.v:508]
ERROR: [VRFC 10-3180] cannot find port 'RegWrite_MEM' on this module [C:/Users/user/Downloads/Task_2/Task_2/Lab_5.srcs/sources_1/new/Lab_11.v:507]
ERROR: [VRFC 10-3180] cannot find port 'rd_WB' on this module [C:/Users/user/Downloads/Task_2/Task_2/Lab_5.srcs/sources_1/new/Lab_11.v:506]
ERROR: [VRFC 10-3180] cannot find port 'rd_MEM' on this module [C:/Users/user/Downloads/Task_2/Task_2/Lab_5.srcs/sources_1/new/Lab_11.v:505]
ERROR: [VRFC 10-3180] cannot find port 'rs2_EX' on this module [C:/Users/user/Downloads/Task_2/Task_2/Lab_5.srcs/sources_1/new/Lab_11.v:504]
ERROR: [VRFC 10-3180] cannot find port 'rs1_EX' on this module [C:/Users/user/Downloads/Task_2/Task_2/Lab_5.srcs/sources_1/new/Lab_11.v:503]
ERROR: [XSIM 43-3322] Static elaboration of top level Verilog design unit(s) in library work failed.
INFO: [USF-XSim-69] 'elaborate' step finished in '2' seconds
INFO: [USF-XSim-99] Step results log file:'C:/Users/user/Downloads/Task_2/Task_2/Lab_5.sim/sim_1/behav/xsim/elaborate.log'
ERROR: [USF-XSim-62] 'elaborate' step failed with error(s). Please check the Tcl console output or 'C:/Users/user/Downloads/Task_2/Task_2/Lab_5.sim/sim_1/behav/xsim/elaborate.log' file for more information.
ERROR: [Vivado 12-4473] Detected error while running simulation. Please correct the issue and retry this operation.
launch_simulation: Time (s): cpu = 00:00:03 ; elapsed = 00:00:06 . Memory (MB): peak = 1208.793 ; gain = 0.000
ERROR: [Common 17-39] 'launch_simulation' failed due to earlier errors.
launch_simulation
Command: launch_simulation 
INFO: [Vivado 12-5682] Launching behavioral simulation in 'C:/Users/user/Downloads/Task_2/Task_2/Lab_5.sim/sim_1/behav/xsim'
INFO: [SIM-utils-51] Simulation object is 'sim_1'
INFO: [SIM-utils-54] Inspecting design source files for 'TestBench_Lab11' in fileset 'sim_1'...
INFO: [USF-XSim-97] Finding global include files...
INFO: [USF-XSim-98] Fetching design files from 'sim_1'...
INFO: [USF-XSim-2] XSim::Compile design
INFO: [USF-XSim-61] Executing 'COMPILE and ANALYZE' step in 'C:/Users/user/Downloads/Task_2/Task_2/Lab_5.sim/sim_1/behav/xsim'
"xvlog --incr --relax -prj TestBench_Lab11_vlog.prj"
INFO: [USF-XSim-69] 'compile' step finished in '2' seconds
INFO: [USF-XSim-3] XSim::Elaborate design
INFO: [USF-XSim-61] Executing 'ELABORATE' step in 'C:/Users/user/Downloads/Task_2/Task_2/Lab_5.sim/sim_1/behav/xsim'
"xelab -wto c1ffbfb57d8241cea785d27b76c06721 --incr --debug typical --relax --mt 2 -L xil_defaultlib -L unisims_ver -L unimacro_ver -L secureip --snapshot TestBench_Lab11_behav xil_defaultlib.TestBench_Lab11 xil_defaultlib.glbl -log elaborate.log"
Vivado Simulator 2020.1
Copyright 1986-1999, 2001-2020 Xilinx, Inc. All Rights Reserved.
Running: D:/Vivado/Vivado/2020.1/bin/unwrapped/win64.o/xelab.exe -wto c1ffbfb57d8241cea785d27b76c06721 --incr --debug typical --relax --mt 2 -L xil_defaultlib -L unisims_ver -L unimacro_ver -L secureip --snapshot TestBench_Lab11_behav xil_defaultlib.TestBench_Lab11 xil_defaultlib.glbl -log elaborate.log 
Using 2 slave threads.
Starting static elaboration
Pass Through NonSizing Optimizer
ERROR: [VRFC 10-3180] cannot find port 'Forward_B' on this module [C:/Users/user/Downloads/Task_2/Task_2/Lab_5.srcs/sources_1/new/Lab_11.v:510]
ERROR: [VRFC 10-3180] cannot find port 'Forward_A' on this module [C:/Users/user/Downloads/Task_2/Task_2/Lab_5.srcs/sources_1/new/Lab_11.v:509]
ERROR: [VRFC 10-3180] cannot find port 'RegWrite_WB' on this module [C:/Users/user/Downloads/Task_2/Task_2/Lab_5.srcs/sources_1/new/Lab_11.v:508]
ERROR: [VRFC 10-3180] cannot find port 'RegWrite_MEM' on this module [C:/Users/user/Downloads/Task_2/Task_2/Lab_5.srcs/sources_1/new/Lab_11.v:507]
ERROR: [VRFC 10-3180] cannot find port 'rd_WB' on this module [C:/Users/user/Downloads/Task_2/Task_2/Lab_5.srcs/sources_1/new/Lab_11.v:506]
ERROR: [VRFC 10-3180] cannot find port 'rd_MEM' on this module [C:/Users/user/Downloads/Task_2/Task_2/Lab_5.srcs/sources_1/new/Lab_11.v:505]
ERROR: [VRFC 10-3180] cannot find port 'rs2_EX' on this module [C:/Users/user/Downloads/Task_2/Task_2/Lab_5.srcs/sources_1/new/Lab_11.v:504]
ERROR: [VRFC 10-3180] cannot find port 'rs1_EX' on this module [C:/Users/user/Downloads/Task_2/Task_2/Lab_5.srcs/sources_1/new/Lab_11.v:503]
ERROR: [XSIM 43-3322] Static elaboration of top level Verilog design unit(s) in library work failed.
INFO: [USF-XSim-69] 'elaborate' step finished in '3' seconds
INFO: [USF-XSim-99] Step results log file:'C:/Users/user/Downloads/Task_2/Task_2/Lab_5.sim/sim_1/behav/xsim/elaborate.log'
ERROR: [USF-XSim-62] 'elaborate' step failed with error(s). Please check the Tcl console output or 'C:/Users/user/Downloads/Task_2/Task_2/Lab_5.sim/sim_1/behav/xsim/elaborate.log' file for more information.
ERROR: [Vivado 12-4473] Detected error while running simulation. Please correct the issue and retry this operation.
ERROR: [Common 17-39] 'launch_simulation' failed due to earlier errors.
launch_simulation
Command: launch_simulation 
INFO: [Vivado 12-5682] Launching behavioral simulation in 'C:/Users/user/Downloads/Task_2/Task_2/Lab_5.sim/sim_1/behav/xsim'
INFO: [SIM-utils-51] Simulation object is 'sim_1'
INFO: [SIM-utils-54] Inspecting design source files for 'TestBench_Lab11' in fileset 'sim_1'...
INFO: [USF-XSim-97] Finding global include files...
INFO: [USF-XSim-98] Fetching design files from 'sim_1'...
INFO: [USF-XSim-2] XSim::Compile design
INFO: [USF-XSim-61] Executing 'COMPILE and ANALYZE' step in 'C:/Users/user/Downloads/Task_2/Task_2/Lab_5.sim/sim_1/behav/xsim'
"xvlog --incr --relax -prj TestBench_Lab11_vlog.prj"
INFO: [VRFC 10-2263] Analyzing Verilog file "C:/Users/user/Downloads/Task_2/Task_2/Lab_5.srcs/sources_1/new/ALU_64.v" into library xil_defaultlib
INFO: [VRFC 10-311] analyzing module ALU_64
INFO: [VRFC 10-2263] Analyzing Verilog file "C:/Users/user/Downloads/Task_2/Task_2/Lab_5.srcs/sources_1/new/ALU_Control.v" into library xil_defaultlib
INFO: [VRFC 10-311] analyzing module ALU_Control
INFO: [VRFC 10-2263] Analyzing Verilog file "C:/Users/user/Downloads/Task_2/Task_2/Lab_5.srcs/sources_1/new/Adder.v" into library xil_defaultlib
INFO: [VRFC 10-311] analyzing module Adder
INFO: [VRFC 10-2263] Analyzing Verilog file "C:/Users/user/Downloads/Task_2/Task_2/Lab_5.srcs/sources_1/new/Control_Unit.v" into library xil_defaultlib
INFO: [VRFC 10-311] analyzing module Control_Unit
INFO: [VRFC 10-2263] Analyzing Verilog file "C:/Users/user/Downloads/Task_2/Task_2/Lab_5.srcs/sources_1/new/Data_Memory.v" into library xil_defaultlib
INFO: [VRFC 10-311] analyzing module Data_Memory
INFO: [VRFC 10-2263] Analyzing Verilog file "C:/Users/user/Downloads/Task_2/Task_2/Lab_5.srcs/sources_1/new/EX_MEM_reg.v" into library xil_defaultlib
INFO: [VRFC 10-311] analyzing module EX_MEM_reg
INFO: [VRFC 10-2263] Analyzing Verilog file "C:/Users/user/Downloads/Task_2/Task_2/Lab_5.srcs/sources_1/new/Fowarding_Unit.v" into library xil_defaultlib
INFO: [VRFC 10-311] analyzing module Fowarding_Unit
INFO: [VRFC 10-2263] Analyzing Verilog file "C:/Users/user/Downloads/Task_2/Task_2/Lab_5.srcs/sources_1/new/ID_EX_reg.v" into library xil_defaultlib
INFO: [VRFC 10-311] analyzing module ID_EX_reg
INFO: [VRFC 10-2263] Analyzing Verilog file "C:/Users/user/Downloads/Task_2/Task_2/Lab_5.srcs/sources_1/new/IF_ID_reg.v" into library xil_defaultlib
INFO: [VRFC 10-311] analyzing module IF_ID_reg
INFO: [VRFC 10-2263] Analyzing Verilog file "C:/Users/user/Downloads/Task_2/Task_2/Lab_5.srcs/sources_1/new/Imm_Extractor.v" into library xil_defaultlib
INFO: [VRFC 10-311] analyzing module Imm_Extractor
INFO: [VRFC 10-2263] Analyzing Verilog file "C:/Users/user/Downloads/Task_2/Task_2/Lab_5.srcs/sources_1/new/Instruction_Memory.v" into library xil_defaultlib
INFO: [VRFC 10-311] analyzing module Instruction_Memory
INFO: [VRFC 10-2263] Analyzing Verilog file "C:/Users/user/Downloads/Task_2/Task_2/Lab_5.srcs/sources_1/new/Lab_11.v" into library xil_defaultlib
INFO: [VRFC 10-311] analyzing module Lab_11
INFO: [VRFC 10-2263] Analyzing Verilog file "C:/Users/user/Downloads/Task_2/Task_2/Lab_5.srcs/sources_1/new/MEM_WB_reg.v" into library xil_defaultlib
INFO: [VRFC 10-311] analyzing module MEM_WB_reg
INFO: [VRFC 10-2263] Analyzing Verilog file "C:/Users/user/Downloads/Task_2/Task_2/Lab_5.srcs/sources_1/new/Multiplexer.v" into library xil_defaultlib
INFO: [VRFC 10-311] analyzing module Multiplexer
INFO: [VRFC 10-2263] Analyzing Verilog file "C:/Users/user/Downloads/Task_2/Task_2/Lab_5.srcs/sources_1/new/Parser.v" into library xil_defaultlib
INFO: [VRFC 10-311] analyzing module Parser
INFO: [VRFC 10-2263] Analyzing Verilog file "C:/Users/user/Downloads/Task_2/Task_2/Lab_5.srcs/sources_1/new/Program_Counter.v" into library xil_defaultlib
INFO: [VRFC 10-311] analyzing module Program_Counter
INFO: [VRFC 10-2263] Analyzing Verilog file "C:/Users/user/Downloads/Task_2/Task_2/Lab_5.srcs/sources_1/new/registerFile.v" into library xil_defaultlib
INFO: [VRFC 10-311] analyzing module registerFile
INFO: [VRFC 10-2263] Analyzing Verilog file "C:/Users/user/Downloads/Task_2/Task_2/Lab_5.srcs/sim_1/new/TestBench_Lab11.v" into library xil_defaultlib
INFO: [VRFC 10-311] analyzing module TestBench_Lab11
INFO: [USF-XSim-69] 'compile' step finished in '3' seconds
INFO: [USF-XSim-3] XSim::Elaborate design
INFO: [USF-XSim-61] Executing 'ELABORATE' step in 'C:/Users/user/Downloads/Task_2/Task_2/Lab_5.sim/sim_1/behav/xsim'
"xelab -wto c1ffbfb57d8241cea785d27b76c06721 --incr --debug typical --relax --mt 2 -L xil_defaultlib -L unisims_ver -L unimacro_ver -L secureip --snapshot TestBench_Lab11_behav xil_defaultlib.TestBench_Lab11 xil_defaultlib.glbl -log elaborate.log"
Vivado Simulator 2020.1
Copyright 1986-1999, 2001-2020 Xilinx, Inc. All Rights Reserved.
Running: D:/Vivado/Vivado/2020.1/bin/unwrapped/win64.o/xelab.exe -wto c1ffbfb57d8241cea785d27b76c06721 --incr --debug typical --relax --mt 2 -L xil_defaultlib -L unisims_ver -L unimacro_ver -L secureip --snapshot TestBench_Lab11_behav xil_defaultlib.TestBench_Lab11 xil_defaultlib.glbl -log elaborate.log 
Using 2 slave threads.
Starting static elaboration
Pass Through NonSizing Optimizer
Completed static elaboration
Starting simulation data flow analysis
Completed simulation data flow analysis
Time Resolution for simulation is 1ps
Compiling module xil_defaultlib.Multiplexer
Compiling module xil_defaultlib.Program_Counter
Compiling module xil_defaultlib.Instruction_Memory
Compiling module xil_defaultlib.Adder
Compiling module xil_defaultlib.IF_ID_reg
Compiling module xil_defaultlib.Parser
Compiling module xil_defaultlib.Control_Unit
Compiling module xil_defaultlib.registerFile
Compiling module xil_defaultlib.Imm_Extractor
Compiling module xil_defaultlib.ID_EX_reg
Compiling module xil_defaultlib.Fowarding_Unit
Compiling module xil_defaultlib.ALU_Control
Compiling module xil_defaultlib.ALU_64
Compiling module xil_defaultlib.EX_MEM_reg
Compiling module xil_defaultlib.Data_Memory
Compiling module xil_defaultlib.MEM_WB_reg
Compiling module xil_defaultlib.Lab_11
Compiling module xil_defaultlib.TestBench_Lab11
Compiling module xil_defaultlib.glbl
Built simulation snapshot TestBench_Lab11_behav

****** Webtalk v2020.1 (64-bit)
  **** SW Build 2902540 on Wed May 27 19:54:49 MDT 2020
  **** IP Build 2902112 on Wed May 27 22:43:36 MDT 2020
    ** Copyright 1986-2020 Xilinx, Inc. All Rights Reserved.

source C:/Users/user/Downloads/Task_2/Task_2/Lab_5.sim/sim_1/behav/xsim/xsim.dir/TestBench_Lab11_behav/webtalk/xsim_webtalk.tcl -notrace
INFO: [Common 17-206] Exiting Webtalk at Tue Dec  2 14:34:09 2025...
run_program: Time (s): cpu = 00:00:01 ; elapsed = 00:00:07 . Memory (MB): peak = 1208.793 ; gain = 0.000
INFO: [USF-XSim-69] 'elaborate' step finished in '7' seconds
INFO: [USF-XSim-4] XSim::Simulate design
INFO: [USF-XSim-61] Executing 'SIMULATE' step in 'C:/Users/user/Downloads/Task_2/Task_2/Lab_5.sim/sim_1/behav/xsim'
INFO: [USF-XSim-98] *** Running xsim
   with args "TestBench_Lab11_behav -key {Behavioral:sim_1:Functional:TestBench_Lab11} -tclbatch {TestBench_Lab11.tcl} -log {simulate.log}"
INFO: [USF-XSim-8] Loading simulator feature
Vivado Simulator 2020.1
Time resolution is 1 ps
source TestBench_Lab11.tcl
# set curr_wave [current_wave_config]
# if { [string length $curr_wave] == 0 } {
#   if { [llength [get_objects]] > 0} {
#     add_wave /
#     set_property needs_save false [current_wave_config]
#   } else {
#      send_msg_id Add_Wave-1 WARNING "No top level signals found. Simulator will start without a wave window. If you want to open a wave window go to 'File->New Waveform Configuration' or type 'create_wave_config' in the TCL console."
#   }
# }
# run 9000ns
[215000 ns] Array Update at Addr 256 | Val: 72
[225000 ns] Array Update at Addr 260 | Val: 90
[445000 ns] Array Update at Addr 256 | Val: 90
[455000 ns] Array Update at Addr 260 | Val: 72
[675000 ns] Array Update at Addr 256 | Val: 72
[685000 ns] Array Update at Addr 260 | Val: 90
[905000 ns] Array Update at Addr 256 | Val: 90
[915000 ns] Array Update at Addr 260 | Val: 72
[1135000 ns] Array Update at Addr 256 | Val: 72
[1145000 ns] Array Update at Addr 260 | Val: 90
[1365000 ns] Array Update at Addr 256 | Val: 90
[1375000 ns] Array Update at Addr 260 | Val: 72
INFO: [USF-XSim-96] XSim completed. Design snapshot 'TestBench_Lab11_behav' loaded.
INFO: [USF-XSim-97] XSim simulation ran for 9000ns
launch_simulation: Time (s): cpu = 00:00:10 ; elapsed = 00:00:14 . Memory (MB): peak = 1208.793 ; gain = 0.000
current_wave_config {Untitled 1}
Untitled 1
add_wave {{/TestBench_Lab11/SCP/if_id/PC_Out_in}} 
current_wave_config {Untitled 1}
Untitled 1
add_wave {{/TestBench_Lab11/SCP/if_id/PC_Out_out}} 
current_wave_config {Untitled 1}
Untitled 1
add_wave {{/TestBench_Lab11/SCP/if_id/Instruction_out}} 
current_wave_config {Untitled 1}
Untitled 1
add_wave {{/TestBench_Lab11/SCP/id_ex/PC_Out_in}} 
current_wave_config {Untitled 1}
Untitled 1
add_wave {{/TestBench_Lab11/SCP/id_ex/ReadData1_in}} 
current_wave_config {Untitled 1}
Untitled 1
add_wave {{/TestBench_Lab11/SCP/id_ex/ReadData2_in}} 
current_wave_config {Untitled 1}
Untitled 1
add_wave {{/TestBench_Lab11/SCP/id_ex/imm_data_in}} 
current_wave_config {Untitled 1}
Untitled 1
add_wave {{/TestBench_Lab11/SCP/id_ex/Funct_in}} 
current_wave_config {Untitled 1}
Untitled 1
add_wave {{/TestBench_Lab11/SCP/id_ex/rd_in}} 
current_wave_config {Untitled 1}
Untitled 1
add_wave {{/TestBench_Lab11/SCP/id_ex/rs1_in}} 
current_wave_config {Untitled 1}
Untitled 1
add_wave {{/TestBench_Lab11/SCP/id_ex/rs2_in}} 
current_wave_config {Untitled 1}
Untitled 1
add_wave {{/TestBench_Lab11/SCP/id_ex/Branch_out}} 
current_wave_config {Untitled 1}
Untitled 1
add_wave {{/TestBench_Lab11/SCP/id_ex/MemRead_out}} 
current_wave_config {Untitled 1}
Untitled 1
add_wave {{/TestBench_Lab11/SCP/id_ex/MemtoReg_out}} 
current_wave_config {Untitled 1}
Untitled 1
add_wave {{/TestBench_Lab11/SCP/id_ex/ALUOp_out}} 
current_wave_config {Untitled 1}
Untitled 1
add_wave {{/TestBench_Lab11/SCP/id_ex/MemWrite_out}} 
current_wave_config {Untitled 1}
Untitled 1
add_wave {{/TestBench_Lab11/SCP/id_ex/ALUSrc_out}} 
current_wave_config {Untitled 1}
Untitled 1
add_wave {{/TestBench_Lab11/SCP/id_ex/RegWrite_out}} 
current_wave_config {Untitled 1}
Untitled 1
add_wave {{/TestBench_Lab11/SCP/id_ex/PC_Out_out}} 
current_wave_config {Untitled 1}
Untitled 1
add_wave {{/TestBench_Lab11/SCP/id_ex/ReadData1_out}} 
current_wave_config {Untitled 1}
Untitled 1
add_wave {{/TestBench_Lab11/SCP/id_ex/ReadData2_out}} 
current_wave_config {Untitled 1}
Untitled 1
add_wave {{/TestBench_Lab11/SCP/id_ex/imm_data_out}} 
current_wave_config {Untitled 1}
Untitled 1
add_wave {{/TestBench_Lab11/SCP/id_ex/Funct_out}} 
current_wave_config {Untitled 1}
Untitled 1
add_wave {{/TestBench_Lab11/SCP/id_ex/rd_out}} 
current_wave_config {Untitled 1}
Untitled 1
add_wave {{/TestBench_Lab11/SCP/id_ex/rs1_out}} 
current_wave_config {Untitled 1}
Untitled 1
add_wave {{/TestBench_Lab11/SCP/id_ex/rs2_out}} 
save_wave_config {C:/Users/user/Downloads/Task_2/Task_2/TestBench_Lab11_behav.wcfg}
add_files -fileset sim_1 -norecurse C:/Users/user/Downloads/Task_2/Task_2/TestBench_Lab11_behav.wcfg
set_property xsim.view {C:/Users/user/Downloads/Task_2/Task_2/TestBench_Lab11_behav.wcfg C:/Users/user/Downloads/Task_2/Task_2/TestBench_Lab11_behav.wcfg} [get_filesets sim_1]
relaunch_sim
Command: launch_simulation -simset sim_1 -mode behavioral
INFO: [Vivado 12-5682] Launching behavioral simulation in 'C:/Users/user/Downloads/Task_2/Task_2/Lab_5.sim/sim_1/behav/xsim'
INFO: [SIM-utils-51] Simulation object is 'sim_1'
INFO: [SIM-utils-54] Inspecting design source files for 'TestBench_Lab11' in fileset 'sim_1'...
INFO: [USF-XSim-97] Finding global include files...
INFO: [USF-XSim-98] Fetching design files from 'sim_1'...
INFO: [USF-XSim-2] XSim::Compile design
INFO: [USF-XSim-61] Executing 'COMPILE and ANALYZE' step in 'C:/Users/user/Downloads/Task_2/Task_2/Lab_5.sim/sim_1/behav/xsim'
"xvlog --incr --relax -prj TestBench_Lab11_vlog.prj"
INFO: [USF-XSim-69] 'compile' step finished in '3' seconds
Command: launch_simulation -simset sim_1 -mode behavioral
INFO: [Vivado 12-5682] Launching behavioral simulation in 'C:/Users/user/Downloads/Task_2/Task_2/Lab_5.sim/sim_1/behav/xsim'
INFO: [USF-XSim-3] XSim::Elaborate design
INFO: [USF-XSim-61] Executing 'ELABORATE' step in 'C:/Users/user/Downloads/Task_2/Task_2/Lab_5.sim/sim_1/behav/xsim'
"xelab -wto c1ffbfb57d8241cea785d27b76c06721 --incr --debug typical --relax --mt 2 -L xil_defaultlib -L unisims_ver -L unimacro_ver -L secureip --snapshot TestBench_Lab11_behav xil_defaultlib.TestBench_Lab11 xil_defaultlib.glbl -log elaborate.log"
Vivado Simulator 2020.1
Copyright 1986-1999, 2001-2020 Xilinx, Inc. All Rights Reserved.
Running: D:/Vivado/Vivado/2020.1/bin/unwrapped/win64.o/xelab.exe -wto c1ffbfb57d8241cea785d27b76c06721 --incr --debug typical --relax --mt 2 -L xil_defaultlib -L unisims_ver -L unimacro_ver -L secureip --snapshot TestBench_Lab11_behav xil_defaultlib.TestBench_Lab11 xil_defaultlib.glbl -log elaborate.log 
Using 2 slave threads.
Starting static elaboration
Pass Through NonSizing Optimizer
Completed static elaboration
INFO: [XSIM 43-4323] No Change in HDL. Linking previously generated obj files to create kernel
INFO: [USF-XSim-69] 'elaborate' step finished in '2' seconds
Vivado Simulator 2020.1
Time resolution is 1 ps
[215000 ns] Array Update at Addr 256 | Val: 72
[225000 ns] Array Update at Addr 260 | Val: 90
[445000 ns] Array Update at Addr 256 | Val: 90
[455000 ns] Array Update at Addr 260 | Val: 72
[675000 ns] Array Update at Addr 256 | Val: 72
[685000 ns] Array Update at Addr 260 | Val: 90
[905000 ns] Array Update at Addr 256 | Val: 90
[915000 ns] Array Update at Addr 260 | Val: 72
[1135000 ns] Array Update at Addr 256 | Val: 72
[1145000 ns] Array Update at Addr 260 | Val: 90
[1365000 ns] Array Update at Addr 256 | Val: 90
[1375000 ns] Array Update at Addr 260 | Val: 72
relaunch_sim: Time (s): cpu = 00:00:03 ; elapsed = 00:00:09 . Memory (MB): peak = 1208.793 ; gain = 0.000
save_wave_config {C:/Users/user/Downloads/Task_2/Task_2/TestBench_Lab11_behav.wcfg}
close_sim
ERROR: [Vivado 12-106] *** Exception: java.lang.NullPointerException (See C:/Users/user/Downloads/Task_2/Task_2/vivado_pid12260.debug)
INFO: [Simtcl 6-16] Simulation closed
close_sim: Time (s): cpu = 00:00:06 ; elapsed = 00:00:11 . Memory (MB): peak = 1208.793 ; gain = 0.000
ERROR: [Common 17-39] 'close_sim' failed due to earlier errors.
exit
INFO: [Common 17-206] Exiting Vivado at Tue Dec  2 14:38:16 2025...
