INFO: [VRFC 10-2263] Analyzing Verilog file "D:/Habib University/Third Semester/CA/Pipelined-sorting-processor/Task_3/Lab_5.srcs/sources_1/new/ALU_64.v" into library xil_defaultlib
INFO: [VRFC 10-311] analyzing module ALU_64
INFO: [VRFC 10-2263] Analyzing Verilog file "D:/Habib University/Third Semester/CA/Pipelined-sorting-processor/Task_3/Lab_5.srcs/sources_1/new/ALU_Control.v" into library xil_defaultlib
INFO: [VRFC 10-311] analyzing module ALU_Control
INFO: [VRFC 10-2263] Analyzing Verilog file "D:/Habib University/Third Semester/CA/Pipelined-sorting-processor/Task_3/Lab_5.srcs/sources_1/new/Adder.v" into library xil_defaultlib
INFO: [VRFC 10-311] analyzing module Adder
INFO: [VRFC 10-2263] Analyzing Verilog file "D:/Habib University/Third Semester/CA/Pipelined-sorting-processor/Task_3/Lab_5.srcs/sources_1/new/Control_Unit.v" into library xil_defaultlib
INFO: [VRFC 10-311] analyzing module Control_Unit
INFO: [VRFC 10-2263] Analyzing Verilog file "D:/Habib University/Third Semester/CA/Pipelined-sorting-processor/Task_3/Lab_5.srcs/sources_1/new/Data_Memory.v" into library xil_defaultlib
INFO: [VRFC 10-311] analyzing module Data_Memory
INFO: [VRFC 10-2263] Analyzing Verilog file "D:/Habib University/Third Semester/CA/Pipelined-sorting-processor/Task_3/Lab_5.srcs/sources_1/new/EX_MEM_reg.v" into library xil_defaultlib
INFO: [VRFC 10-311] analyzing module EX_MEM_reg
INFO: [VRFC 10-2263] Analyzing Verilog file "D:/Habib University/Third Semester/CA/Pipelined-sorting-processor/Task_3/Lab_5.srcs/sources_1/new/Fowarding_Unit.v" into library xil_defaultlib
INFO: [VRFC 10-311] analyzing module Fowarding_Unit
INFO: [VRFC 10-2263] Analyzing Verilog file "D:/Habib University/Third Semester/CA/Pipelined-sorting-processor/Task_3/Lab_5.srcs/sources_1/new/Hazard_Detection_Unit.v" into library xil_defaultlib
INFO: [VRFC 10-311] analyzing module Hazard_Detection_Unit
INFO: [VRFC 10-2263] Analyzing Verilog file "D:/Habib University/Third Semester/CA/Pipelined-sorting-processor/Task_3/Lab_5.srcs/sources_1/new/ID_EX_reg.v" into library xil_defaultlib
INFO: [VRFC 10-311] analyzing module ID_EX_reg
INFO: [VRFC 10-2263] Analyzing Verilog file "D:/Habib University/Third Semester/CA/Pipelined-sorting-processor/Task_3/Lab_5.srcs/sources_1/new/IF_ID_reg.v" into library xil_defaultlib
INFO: [VRFC 10-311] analyzing module IF_ID_reg
INFO: [VRFC 10-2263] Analyzing Verilog file "D:/Habib University/Third Semester/CA/Pipelined-sorting-processor/Task_3/Lab_5.srcs/sources_1/new/Imm_Extractor.v" into library xil_defaultlib
INFO: [VRFC 10-311] analyzing module Imm_Extractor
INFO: [VRFC 10-2263] Analyzing Verilog file "D:/Habib University/Third Semester/CA/Pipelined-sorting-processor/Task_3/Lab_5.srcs/sources_1/new/Instruction_Memory.v" into library xil_defaultlib
INFO: [VRFC 10-311] analyzing module Instruction_Memory
INFO: [VRFC 10-2263] Analyzing Verilog file "D:/Habib University/Third Semester/CA/Pipelined-sorting-processor/Task_3/Lab_5.srcs/sources_1/new/MEM_WB_reg.v" into library xil_defaultlib
INFO: [VRFC 10-311] analyzing module MEM_WB_reg
INFO: [VRFC 10-2263] Analyzing Verilog file "D:/Habib University/Third Semester/CA/Pipelined-sorting-processor/Task_3/Lab_5.srcs/sources_1/new/Parser.v" into library xil_defaultlib
INFO: [VRFC 10-311] analyzing module Parser
INFO: [VRFC 10-2263] Analyzing Verilog file "D:/Habib University/Third Semester/CA/Pipelined-sorting-processor/Task_3/Lab_5.srcs/sources_1/new/Program_Counter.v" into library xil_defaultlib
INFO: [VRFC 10-311] analyzing module Program_Counter
INFO: [VRFC 10-2263] Analyzing Verilog file "D:/Habib University/Third Semester/CA/Pipelined-sorting-processor/Task_3/Lab_5.srcs/sources_1/new/Task3.v" into library xil_defaultlib
INFO: [VRFC 10-311] analyzing module Task3
INFO: [VRFC 10-2263] Analyzing Verilog file "D:/Habib University/Third Semester/CA/Pipelined-sorting-processor/Task_3/Lab_5.srcs/sources_1/new/registerFile.v" into library xil_defaultlib
INFO: [VRFC 10-311] analyzing module registerFile
INFO: [VRFC 10-2263] Analyzing Verilog file "D:/Habib University/Third Semester/CA/Pipelined-sorting-processor/Task_3/Lab_5.srcs/sim_1/new/tb_Lab_11.v" into library xil_defaultlib
INFO: [VRFC 10-311] analyzing module tb_Lab_11
