#-----------------------------------------------------------
# Vivado v2020.1 (64-bit)
# SW Build 2902540 on Wed May 27 19:54:49 MDT 2020
# IP Build 2902112 on Wed May 27 22:43:36 MDT 2020
# Start of session at: Tue Dec  2 14:21:32 2025
# Process ID: 18472
# Current directory: C:/Users/user/Downloads/Task 3_completed/Task 3/Task 3
# Command line: vivado.exe -gui_launcher_event rodinguilauncherevent10992 C:\Users\user\Downloads\Task 3_completed\Task 3\Task 3\Lab_5.xpr
# Log file: C:/Users/user/Downloads/Task 3_completed/Task 3/Task 3/vivado.log
# Journal file: C:/Users/user/Downloads/Task 3_completed/Task 3/Task 3\vivado.jou
#-----------------------------------------------------------
start_gui
open_project {C:/Users/user/Downloads/Task 3_completed/Task 3/Task 3/Lab_5.xpr}
Scanning sources...
Finished scanning sources
INFO: [IP_Flow 19-234] Refreshing IP repositories
INFO: [IP_Flow 19-1704] No user IP repositories specified
INFO: [IP_Flow 19-2313] Loaded Vivado IP repository 'D:/Vivado/Vivado/2020.1/data/ip'.
open_project: Time (s): cpu = 00:00:16 ; elapsed = 00:00:06 . Memory (MB): peak = 1213.879 ; gain = 0.000
update_compile_order -fileset sources_1
exit
INFO: [Common 17-206] Exiting Vivado at Tue Dec  2 14:38:19 2025...
