#-----------------------------------------------------------
# Vivado v2020.1 (64-bit)
# SW Build 2902540 on Wed May 27 19:54:49 MDT 2020
# IP Build 2902112 on Wed May 27 22:43:36 MDT 2020
# Start of session at: Wed Dec  3 15:04:16 2025
# Process ID: 9976
# Current directory: D:/Habib University/Third Semester/CA/Pipelined-sorting-processor/Task_3
# Command line: vivado.exe -gui_launcher_event rodinguilauncherevent15656 D:\Habib University\Third Semester\CA\Pipelined-sorting-processor\Task_3\Lab_5.xpr
# Log file: D:/Habib University/Third Semester/CA/Pipelined-sorting-processor/Task_3/vivado.log
# Journal file: D:/Habib University/Third Semester/CA/Pipelined-sorting-processor/Task_3\vivado.jou
#-----------------------------------------------------------
start_gui
open_project {D:/Habib University/Third Semester/CA/Pipelined-sorting-processor/Task_3/Lab_5.xpr}
Scanning sources...
Finished scanning sources
INFO: [IP_Flow 19-234] Refreshing IP repositories
INFO: [IP_Flow 19-1704] No user IP repositories specified
INFO: [IP_Flow 19-2313] Loaded Vivado IP repository 'D:/Vivado/Vivado/2020.1/data/ip'.
open_project: Time (s): cpu = 00:00:39 ; elapsed = 00:00:20 . Memory (MB): peak = 1017.422 ; gain = 0.000
update_compile_order -fileset sources_1
launch_simulation
Command: launch_simulation 
INFO: [Vivado 12-5682] Launching behavioral simulation in 'D:/Habib University/Third Semester/CA/Pipelined-sorting-processor/Task_3/Lab_5.sim/sim_1/behav/xsim'
INFO: [SIM-utils-51] Simulation object is 'sim_1'
INFO: [SIM-utils-54] Inspecting design source files for 'tb_Lab_11' in fileset 'sim_1'...
INFO: [USF-XSim-97] Finding global include files...
INFO: [USF-XSim-98] Fetching design files from 'sim_1'...
INFO: [USF-XSim-2] XSim::Compile design
INFO: [USF-XSim-61] Executing 'COMPILE and ANALYZE' step in 'D:/Habib University/Third Semester/CA/Pipelined-sorting-processor/Task_3/Lab_5.sim/sim_1/behav/xsim'
INFO: [USF-XSim-69] 'compile' step finished in '0' seconds
ERROR: [USF-XSim-62] 'compile' step failed with error(s) while executing 'D:/Habib University/Third Semester/CA/Pipelined-sorting-processor/Task_3/Lab_5.sim/sim_1/behav/xsim/compile.bat' script. Please check that the file has the correct 'read/write/execute' permissions and the Tcl console output for any other possible errors or warnings.
ERROR: [Vivado 12-4473] Detected error while running simulation. Please correct the issue and retry this operation.
ERROR: [Common 17-39] 'launch_simulation' failed due to earlier errors.
launch_simulation
Command: launch_simulation 
INFO: [Vivado 12-5682] Launching behavioral simulation in 'D:/Habib University/Third Semester/CA/Pipelined-sorting-processor/Task_3/Lab_5.sim/sim_1/behav/xsim'
INFO: [SIM-utils-51] Simulation object is 'sim_1'
INFO: [SIM-utils-54] Inspecting design source files for 'tb_Lab_11' in fileset 'sim_1'...
INFO: [USF-XSim-97] Finding global include files...
INFO: [USF-XSim-98] Fetching design files from 'sim_1'...
INFO: [USF-XSim-2] XSim::Compile design
INFO: [USF-XSim-61] Executing 'COMPILE and ANALYZE' step in 'D:/Habib University/Third Semester/CA/Pipelined-sorting-processor/Task_3/Lab_5.sim/sim_1/behav/xsim'
INFO: [USF-XSim-69] 'compile' step finished in '0' seconds
ERROR: [USF-XSim-62] 'compile' step failed with error(s) while executing 'D:/Habib University/Third Semester/CA/Pipelined-sorting-processor/Task_3/Lab_5.sim/sim_1/behav/xsim/compile.bat' script. Please check that the file has the correct 'read/write/execute' permissions and the Tcl console output for any other possible errors or warnings.
ERROR: [Vivado 12-4473] Detected error while running simulation. Please correct the issue and retry this operation.
ERROR: [Common 17-39] 'launch_simulation' failed due to earlier errors.
exit
INFO: [Common 17-206] Exiting Vivado at Wed Dec  3 23:14:48 2025...
