#-----------------------------------------------------------
# Vivado v2020.1 (64-bit)
# SW Build 2902540 on Wed May 27 19:54:49 MDT 2020
# IP Build 2902112 on Wed May 27 22:43:36 MDT 2020
# Start of session at: Tue Dec  2 14:03:10 2025
# Process ID: 23344
# Current directory: C:/Users/user/Downloads/Task 3_completed/Task 3/Task 3
# Command line: vivado.exe -gui_launcher_event rodinguilauncherevent5648 C:\Users\user\Downloads\Task 3_completed\Task 3\Task 3\Lab_5.xpr
# Log file: C:/Users/user/Downloads/Task 3_completed/Task 3/Task 3/vivado.log
# Journal file: C:/Users/user/Downloads/Task 3_completed/Task 3/Task 3\vivado.jou
#-----------------------------------------------------------
start_gui
open_project {C:/Users/user/Downloads/Task 3_completed/Task 3/Task 3/Lab_5.xpr}
Scanning sources...
Finished scanning sources
INFO: [IP_Flow 19-234] Refreshing IP repositories
INFO: [IP_Flow 19-1704] No user IP repositories specified
INFO: [IP_Flow 19-2313] Loaded Vivado IP repository 'D:/Vivado/Vivado/2020.1/data/ip'.
open_project: Time (s): cpu = 00:00:22 ; elapsed = 00:00:13 . Memory (MB): peak = 1016.320 ; gain = 0.000
update_compile_order -fileset sources_1
launch_simulation
Command: launch_simulation 
INFO: [Vivado 12-5682] Launching behavioral simulation in 'C:/Users/user/Downloads/Task 3_completed/Task 3/Task 3/Lab_5.sim/sim_1/behav/xsim'
INFO: [SIM-utils-51] Simulation object is 'sim_1'
INFO: [SIM-utils-54] Inspecting design source files for 'tb_Lab_11' in fileset 'sim_1'...
INFO: [USF-XSim-97] Finding global include files...
INFO: [USF-XSim-98] Fetching design files from 'sim_1'...
INFO: [USF-XSim-2] XSim::Compile design
INFO: [USF-XSim-61] Executing 'COMPILE and ANALYZE' step in 'C:/Users/user/Downloads/Task 3_completed/Task 3/Task 3/Lab_5.sim/sim_1/behav/xsim'
"xvlog --incr --relax -prj tb_Lab_11_vlog.prj"
INFO: [USF-XSim-69] 'compile' step finished in '3' seconds
INFO: [USF-XSim-3] XSim::Elaborate design
INFO: [USF-XSim-61] Executing 'ELABORATE' step in 'C:/Users/user/Downloads/Task 3_completed/Task 3/Task 3/Lab_5.sim/sim_1/behav/xsim'
"xelab -wto c1ffbfb57d8241cea785d27b76c06721 --incr --debug typical --relax --mt 2 -L xil_defaultlib -L unisims_ver -L unimacro_ver -L secureip --snapshot tb_Lab_11_behav xil_defaultlib.tb_Lab_11 xil_defaultlib.glbl -log elaborate.log"
Vivado Simulator 2020.1
Copyright 1986-1999, 2001-2020 Xilinx, Inc. All Rights Reserved.
Running: D:/Vivado/Vivado/2020.1/bin/unwrapped/win64.o/xelab.exe -wto c1ffbfb57d8241cea785d27b76c06721 --incr --debug typical --relax --mt 2 -L xil_defaultlib -L unisims_ver -L unimacro_ver -L secureip --snapshot tb_Lab_11_behav xil_defaultlib.tb_Lab_11 xil_defaultlib.glbl -log elaborate.log 
Using 2 slave threads.
Starting static elaboration
Pass Through NonSizing Optimizer
Completed static elaboration
INFO: [XSIM 43-4323] No Change in HDL. Linking previously generated obj files to create kernel
INFO: [USF-XSim-69] 'elaborate' step finished in '3' seconds
INFO: [USF-XSim-4] XSim::Simulate design
INFO: [USF-XSim-61] Executing 'SIMULATE' step in 'C:/Users/user/Downloads/Task 3_completed/Task 3/Task 3/Lab_5.sim/sim_1/behav/xsim'
INFO: [USF-XSim-98] *** Running xsim
   with args "tb_Lab_11_behav -key {Behavioral:sim_1:Functional:tb_Lab_11} -tclbatch {tb_Lab_11.tcl} -view {{C:/Users/user/Downloads/Task 3_completed/Task 3/Task 3/TestBench_Lab11_behav.wcfg}} -log {simulate.log}"
INFO: [USF-XSim-8] Loading simulator feature
Vivado Simulator 2020.1
Time resolution is 1 ps
open_wave_config {C:/Users/user/Downloads/Task 3_completed/Task 3/Task 3/TestBench_Lab11_behav.wcfg}
source tb_Lab_11.tcl
# set curr_wave [current_wave_config]
# if { [string length $curr_wave] == 0 } {
#   if { [llength [get_objects]] > 0} {
#     add_wave /
#     set_property needs_save false [current_wave_config]
#   } else {
#      send_msg_id Add_Wave-1 WARNING "No top level signals found. Simulator will start without a wave window. If you want to open a wave window go to 'File->New Waveform Configuration' or type 'create_wave_config' in the TCL console."
#   }
# }
# run 9000ns
Simulation Started.
TIP: Add 'PIPE_IF...', 'PIPE_ID...' etc. to your waveform to visualize the pipeline flow.
[315000 ns] Array Update at Addr 256 | Val: 72
[325000 ns] Array Update at Addr 260 | Val: 90
[495000 ns] Array Update at Addr 260 | Val: 65
[505000 ns] Array Update at Addr 264 | Val: 90
[675000 ns] Array Update at Addr 264 | Val: 55
[685000 ns] Array Update at Addr 268 | Val: 90
[855000 ns] Array Update at Addr 268 | Val: 44
[865000 ns] Array Update at Addr 272 | Val: 90
[1035000 ns] Array Update at Addr 272 | Val: 33
[1045000 ns] Array Update at Addr 276 | Val: 90
[1215000 ns] Array Update at Addr 276 | Val: 22
[1225000 ns] Array Update at Addr 280 | Val: 90
[1515000 ns] Array Update at Addr 256 | Val: 65
[1525000 ns] Array Update at Addr 260 | Val: 72
[1695000 ns] Array Update at Addr 260 | Val: 55
[1705000 ns] Array Update at Addr 264 | Val: 72
[1875000 ns] Array Update at Addr 264 | Val: 44
[1885000 ns] Array Update at Addr 268 | Val: 72
[2055000 ns] Array Update at Addr 268 | Val: 33
[2065000 ns] Array Update at Addr 272 | Val: 72
[2235000 ns] Array Update at Addr 272 | Val: 22
[2245000 ns] Array Update at Addr 276 | Val: 72
[2535000 ns] Array Update at Addr 256 | Val: 55
[2545000 ns] Array Update at Addr 260 | Val: 65
[2715000 ns] Array Update at Addr 260 | Val: 44
[2725000 ns] Array Update at Addr 264 | Val: 65
[2895000 ns] Array Update at Addr 264 | Val: 33
[2905000 ns] Array Update at Addr 268 | Val: 65
[3075000 ns] Array Update at Addr 268 | Val: 22
[3085000 ns] Array Update at Addr 272 | Val: 65
[3375000 ns] Array Update at Addr 256 | Val: 44
[3385000 ns] Array Update at Addr 260 | Val: 55
[3555000 ns] Array Update at Addr 260 | Val: 33
[3565000 ns] Array Update at Addr 264 | Val: 55
[3735000 ns] Array Update at Addr 264 | Val: 22
[3745000 ns] Array Update at Addr 268 | Val: 55
[4035000 ns] Array Update at Addr 256 | Val: 33
[4045000 ns] Array Update at Addr 260 | Val: 44
[4215000 ns] Array Update at Addr 260 | Val: 22
[4225000 ns] Array Update at Addr 264 | Val: 44
[4515000 ns] Array Update at Addr 256 | Val: 22
[4525000 ns] Array Update at Addr 260 | Val: 33
Simulation Finished.
Final Array State:
Arr[0] = 22
Arr[1] = 33
Arr[2] = 44
Arr[3] = 55
Arr[4] = 65
Arr[5] = 72
Arr[6] = 90
$finish called at time : 5100 ns : File "C:/Users/user/Downloads/Task 3_completed/Task 3/Task 3/Lab_5.srcs/sim_1/new/tb_Lab_11.v" Line 263
xsim: Time (s): cpu = 00:00:15 ; elapsed = 00:00:06 . Memory (MB): peak = 1016.320 ; gain = 0.000
INFO: [USF-XSim-96] XSim completed. Design snapshot 'tb_Lab_11_behav' loaded.
INFO: [USF-XSim-97] XSim simulation ran for 9000ns
launch_simulation: Time (s): cpu = 00:00:19 ; elapsed = 00:00:13 . Memory (MB): peak = 1016.320 ; gain = 0.000
relaunch_sim
Command: launch_simulation -simset sim_1 -mode behavioral
INFO: [Vivado 12-5682] Launching behavioral simulation in 'C:/Users/user/Downloads/Task 3_completed/Task 3/Task 3/Lab_5.sim/sim_1/behav/xsim'
INFO: [SIM-utils-51] Simulation object is 'sim_1'
INFO: [SIM-utils-54] Inspecting design source files for 'tb_Lab_11' in fileset 'sim_1'...
INFO: [USF-XSim-97] Finding global include files...
INFO: [USF-XSim-98] Fetching design files from 'sim_1'...
INFO: [USF-XSim-2] XSim::Compile design
INFO: [USF-XSim-61] Executing 'COMPILE and ANALYZE' step in 'C:/Users/user/Downloads/Task 3_completed/Task 3/Task 3/Lab_5.sim/sim_1/behav/xsim'
"xvlog --incr --relax -prj tb_Lab_11_vlog.prj"
INFO: [VRFC 10-2263] Analyzing Verilog file "C:/Users/user/Downloads/Task 3_completed/Task 3/Task 3/Lab_5.srcs/sources_1/new/ALU_64.v" into library xil_defaultlib
INFO: [VRFC 10-311] analyzing module ALU_64
INFO: [VRFC 10-2263] Analyzing Verilog file "C:/Users/user/Downloads/Task 3_completed/Task 3/Task 3/Lab_5.srcs/sources_1/new/ALU_Control.v" into library xil_defaultlib
INFO: [VRFC 10-311] analyzing module ALU_Control
INFO: [VRFC 10-2263] Analyzing Verilog file "C:/Users/user/Downloads/Task 3_completed/Task 3/Task 3/Lab_5.srcs/sources_1/new/Adder.v" into library xil_defaultlib
INFO: [VRFC 10-311] analyzing module Adder
INFO: [VRFC 10-2263] Analyzing Verilog file "C:/Users/user/Downloads/Task 3_completed/Task 3/Task 3/Lab_5.srcs/sources_1/new/Control_Unit.v" into library xil_defaultlib
INFO: [VRFC 10-311] analyzing module Control_Unit
INFO: [VRFC 10-2263] Analyzing Verilog file "C:/Users/user/Downloads/Task 3_completed/Task 3/Task 3/Lab_5.srcs/sources_1/new/Data_Memory.v" into library xil_defaultlib
INFO: [VRFC 10-311] analyzing module Data_Memory
INFO: [VRFC 10-2263] Analyzing Verilog file "C:/Users/user/Downloads/Task 3_completed/Task 3/Task 3/Lab_5.srcs/sources_1/new/EX_MEM_reg.v" into library xil_defaultlib
INFO: [VRFC 10-311] analyzing module EX_MEM_reg
INFO: [VRFC 10-2263] Analyzing Verilog file "C:/Users/user/Downloads/Task 3_completed/Task 3/Task 3/Lab_5.srcs/sources_1/new/Fowarding_Unit.v" into library xil_defaultlib
INFO: [VRFC 10-311] analyzing module Fowarding_Unit
INFO: [VRFC 10-2263] Analyzing Verilog file "C:/Users/user/Downloads/Task 3_completed/Task 3/Task 3/Lab_5.srcs/sources_1/new/Hazard_Detection_Unit.v" into library xil_defaultlib
INFO: [VRFC 10-311] analyzing module Hazard_Detection_Unit
INFO: [VRFC 10-2263] Analyzing Verilog file "C:/Users/user/Downloads/Task 3_completed/Task 3/Task 3/Lab_5.srcs/sources_1/new/ID_EX_reg.v" into library xil_defaultlib
INFO: [VRFC 10-311] analyzing module ID_EX_reg
INFO: [VRFC 10-2263] Analyzing Verilog file "C:/Users/user/Downloads/Task 3_completed/Task 3/Task 3/Lab_5.srcs/sources_1/new/IF_ID_reg.v" into library xil_defaultlib
INFO: [VRFC 10-311] analyzing module IF_ID_reg
INFO: [VRFC 10-2263] Analyzing Verilog file "C:/Users/user/Downloads/Task 3_completed/Task 3/Task 3/Lab_5.srcs/sources_1/new/Imm_Extractor.v" into library xil_defaultlib
INFO: [VRFC 10-311] analyzing module Imm_Extractor
INFO: [VRFC 10-2263] Analyzing Verilog file "C:/Users/user/Downloads/Task 3_completed/Task 3/Task 3/Lab_5.srcs/sources_1/new/Instruction_Memory.v" into library xil_defaultlib
INFO: [VRFC 10-311] analyzing module Instruction_Memory
INFO: [VRFC 10-2263] Analyzing Verilog file "C:/Users/user/Downloads/Task 3_completed/Task 3/Task 3/Lab_5.srcs/sources_1/new/MEM_WB_reg.v" into library xil_defaultlib
INFO: [VRFC 10-311] analyzing module MEM_WB_reg
INFO: [VRFC 10-2263] Analyzing Verilog file "C:/Users/user/Downloads/Task 3_completed/Task 3/Task 3/Lab_5.srcs/sources_1/new/Parser.v" into library xil_defaultlib
INFO: [VRFC 10-311] analyzing module Parser
INFO: [VRFC 10-2263] Analyzing Verilog file "C:/Users/user/Downloads/Task 3_completed/Task 3/Task 3/Lab_5.srcs/sources_1/new/Program_Counter.v" into library xil_defaultlib
INFO: [VRFC 10-311] analyzing module Program_Counter
INFO: [VRFC 10-2263] Analyzing Verilog file "C:/Users/user/Downloads/Task 3_completed/Task 3/Task 3/Lab_5.srcs/sources_1/new/Task3.v" into library xil_defaultlib
INFO: [VRFC 10-311] analyzing module Task3
INFO: [VRFC 10-2263] Analyzing Verilog file "C:/Users/user/Downloads/Task 3_completed/Task 3/Task 3/Lab_5.srcs/sources_1/new/registerFile.v" into library xil_defaultlib
INFO: [VRFC 10-311] analyzing module registerFile
INFO: [VRFC 10-2263] Analyzing Verilog file "C:/Users/user/Downloads/Task 3_completed/Task 3/Task 3/Lab_5.srcs/sim_1/new/tb_Lab_11.v" into library xil_defaultlib
INFO: [VRFC 10-311] analyzing module tb_Lab_11
INFO: [USF-XSim-69] 'compile' step finished in '2' seconds
Command: launch_simulation -simset sim_1 -mode behavioral
INFO: [Vivado 12-5682] Launching behavioral simulation in 'C:/Users/user/Downloads/Task 3_completed/Task 3/Task 3/Lab_5.sim/sim_1/behav/xsim'
INFO: [USF-XSim-3] XSim::Elaborate design
INFO: [USF-XSim-61] Executing 'ELABORATE' step in 'C:/Users/user/Downloads/Task 3_completed/Task 3/Task 3/Lab_5.sim/sim_1/behav/xsim'
"xelab -wto c1ffbfb57d8241cea785d27b76c06721 --incr --debug typical --relax --mt 2 -L xil_defaultlib -L unisims_ver -L unimacro_ver -L secureip --snapshot tb_Lab_11_behav xil_defaultlib.tb_Lab_11 xil_defaultlib.glbl -log elaborate.log"
Vivado Simulator 2020.1
Copyright 1986-1999, 2001-2020 Xilinx, Inc. All Rights Reserved.
Running: D:/Vivado/Vivado/2020.1/bin/unwrapped/win64.o/xelab.exe -wto c1ffbfb57d8241cea785d27b76c06721 --incr --debug typical --relax --mt 2 -L xil_defaultlib -L unisims_ver -L unimacro_ver -L secureip --snapshot tb_Lab_11_behav xil_defaultlib.tb_Lab_11 xil_defaultlib.glbl -log elaborate.log 
Using 2 slave threads.
Starting static elaboration
Pass Through NonSizing Optimizer
Completed static elaboration
Starting simulation data flow analysis
Completed simulation data flow analysis
Time Resolution for simulation is 1ps
Compiling module xil_defaultlib.Program_Counter
Compiling module xil_defaultlib.Adder
Compiling module xil_defaultlib.Instruction_Memory
Compiling module xil_defaultlib.IF_ID_reg
Compiling module xil_defaultlib.Parser
Compiling module xil_defaultlib.Hazard_Detection_Unit
Compiling module xil_defaultlib.Control_Unit
Compiling module xil_defaultlib.registerFile
Compiling module xil_defaultlib.Imm_Extractor
Compiling module xil_defaultlib.ID_EX_reg
Compiling module xil_defaultlib.Fowarding_Unit
Compiling module xil_defaultlib.ALU_Control
Compiling module xil_defaultlib.ALU_64
Compiling module xil_defaultlib.EX_MEM_reg
Compiling module xil_defaultlib.Data_Memory
Compiling module xil_defaultlib.MEM_WB_reg
Compiling module xil_defaultlib.Task3
Compiling module xil_defaultlib.tb_Lab_11
Compiling module xil_defaultlib.glbl
Built simulation snapshot tb_Lab_11_behav

****** Webtalk v2020.1 (64-bit)
  **** SW Build 2902540 on Wed May 27 19:54:49 MDT 2020
  **** IP Build 2902112 on Wed May 27 22:43:36 MDT 2020
    ** Copyright 1986-2020 Xilinx, Inc. All Rights Reserved.

source C:/Users/user/Downloads/Task -notrace
couldn't read file "C:/Users/user/Downloads/Task": no such file or directory
INFO: [Common 17-206] Exiting Webtalk at Tue Dec  2 14:08:43 2025...
run_program: Time (s): cpu = 00:00:01 ; elapsed = 00:00:08 . Memory (MB): peak = 1016.320 ; gain = 0.000
INFO: [USF-XSim-69] 'elaborate' step finished in '8' seconds
launch_simulation: Time (s): cpu = 00:00:01 ; elapsed = 00:00:08 . Memory (MB): peak = 1016.320 ; gain = 0.000
Vivado Simulator 2020.1
Time resolution is 1 ps
Simulation Started.
TIP: Add 'PIPE_IF...', 'PIPE_ID...' etc. to your waveform to visualize the pipeline flow.
[495000 ns] Array Update at Addr 260 | Val: 65
[505000 ns] Array Update at Addr 264 | Val: 72
[675000 ns] Array Update at Addr 264 | Val: 55
[685000 ns] Array Update at Addr 268 | Val: 72
[855000 ns] Array Update at Addr 268 | Val: 44
[865000 ns] Array Update at Addr 272 | Val: 72
[1035000 ns] Array Update at Addr 272 | Val: 33
[1045000 ns] Array Update at Addr 276 | Val: 72
[1215000 ns] Array Update at Addr 276 | Val: 22
[1225000 ns] Array Update at Addr 280 | Val: 72
[1695000 ns] Array Update at Addr 260 | Val: 55
[1705000 ns] Array Update at Addr 264 | Val: 65
[1875000 ns] Array Update at Addr 264 | Val: 44
[1885000 ns] Array Update at Addr 268 | Val: 65
[2055000 ns] Array Update at Addr 268 | Val: 33
[2065000 ns] Array Update at Addr 272 | Val: 65
[2235000 ns] Array Update at Addr 272 | Val: 22
[2245000 ns] Array Update at Addr 276 | Val: 65
[2715000 ns] Array Update at Addr 260 | Val: 44
[2725000 ns] Array Update at Addr 264 | Val: 55
[2895000 ns] Array Update at Addr 264 | Val: 33
[2905000 ns] Array Update at Addr 268 | Val: 55
[3075000 ns] Array Update at Addr 268 | Val: 22
[3085000 ns] Array Update at Addr 272 | Val: 55
[3555000 ns] Array Update at Addr 260 | Val: 33
[3565000 ns] Array Update at Addr 264 | Val: 44
[3735000 ns] Array Update at Addr 264 | Val: 22
[3745000 ns] Array Update at Addr 268 | Val: 44
[4215000 ns] Array Update at Addr 260 | Val: 22
[4225000 ns] Array Update at Addr 264 | Val: 33
Simulation Finished.
Final Array State:
Arr[0] = 21
Arr[1] = 22
Arr[2] = 33
Arr[3] = 44
Arr[4] = 55
Arr[5] = 65
Arr[6] = 72
$finish called at time : 5100 ns : File "C:/Users/user/Downloads/Task 3_completed/Task 3/Task 3/Lab_5.srcs/sim_1/new/tb_Lab_11.v" Line 263
relaunch_sim: Time (s): cpu = 00:00:05 ; elapsed = 00:00:16 . Memory (MB): peak = 1016.320 ; gain = 0.000
save_wave_config {C:/Users/user/Downloads/Task 3_completed/Task 3/Task 3/TestBench_Lab11_behav.wcfg}
close_sim
ERROR: [Vivado 12-106] *** Exception: java.lang.NullPointerException (See C:/Users/user/Downloads/Task 3_completed/Task 3/Task 3/vivado_pid23344.debug)
INFO: [Simtcl 6-16] Simulation closed
close_sim: Time (s): cpu = 00:00:09 ; elapsed = 00:00:12 . Memory (MB): peak = 1016.320 ; gain = 0.000
ERROR: [Common 17-39] 'close_sim' failed due to earlier errors.
exit
INFO: [Common 17-206] Exiting Vivado at Tue Dec  2 14:20:57 2025...
